// Jest Snapshot v1, https://goo.gl/fbAQLP

exports[`navbar component should render a header  1`] = `
Object {
  "asFragment": [Function],
  "baseElement": <body>
    <div>
      <header>
        <div
          class="flex bg-TK-background text-white h-[60px] items-center justify-between	"
        >
          <div
            class="flex items-center m-4"
          />
          <div
            class="flex pr-3 pl-3 hidden lg:flex"
          >
            <a
              href="https://www.linkedin.com/in/sagargiri07"
              target="_blank"
            >
              <div
                class="flex pr-3 pl-3"
              >
                <div
                  class="mt-7 text-xs xl:text-sm font-bold"
                >
                  Linkedin
                </div>
              </div>
            </a>
            <a
              href="https://www.twitter.com/sagargiri1707"
              target="_blank"
            >
              <div
                class="flex pr-3 pl-3"
              >
                <div
                  class="mt-7 text-xs xl:text-sm font-bold"
                >
                  Twitter
                </div>
              </div>
            </a>
          </div>
        </div>
      </header>
    </div>
  </body>,
  "container": <div>
    <header>
      <div
        class="flex bg-TK-background text-white h-[60px] items-center justify-between	"
      >
        <div
          class="flex items-center m-4"
        />
        <div
          class="flex pr-3 pl-3 hidden lg:flex"
        >
          <a
            href="https://www.linkedin.com/in/sagargiri07"
            target="_blank"
          >
            <div
              class="flex pr-3 pl-3"
            >
              <div
                class="mt-7 text-xs xl:text-sm font-bold"
              >
                Linkedin
              </div>
            </div>
          </a>
          <a
            href="https://www.twitter.com/sagargiri1707"
            target="_blank"
          >
            <div
              class="flex pr-3 pl-3"
            >
              <div
                class="mt-7 text-xs xl:text-sm font-bold"
              >
                Twitter
              </div>
            </div>
          </a>
        </div>
      </div>
    </header>
  </div>,
  "debug": [Function],
  "findAllByAltText": [Function],
  "findAllByDisplayValue": [Function],
  "findAllByLabelText": [Function],
  "findAllByPlaceholderText": [Function],
  "findAllByRole": [Function],
  "findAllByTestId": [Function],
  "findAllByText": [Function],
  "findAllByTitle": [Function],
  "findByAltText": [Function],
  "findByDisplayValue": [Function],
  "findByLabelText": [Function],
  "findByPlaceholderText": [Function],
  "findByRole": [Function],
  "findByTestId": [Function],
  "findByText": [Function],
  "findByTitle": [Function],
  "getAllByAltText": [Function],
  "getAllByDisplayValue": [Function],
  "getAllByLabelText": [Function],
  "getAllByPlaceholderText": [Function],
  "getAllByRole": [Function],
  "getAllByTestId": [Function],
  "getAllByText": [Function],
  "getAllByTitle": [Function],
  "getByAltText": [Function],
  "getByDisplayValue": [Function],
  "getByLabelText": [Function],
  "getByPlaceholderText": [Function],
  "getByRole": [Function],
  "getByTestId": [Function],
  "getByText": [Function],
  "getByTitle": [Function],
  "queryAllByAltText": [Function],
  "queryAllByDisplayValue": [Function],
  "queryAllByLabelText": [Function],
  "queryAllByPlaceholderText": [Function],
  "queryAllByRole": [Function],
  "queryAllByTestId": [Function],
  "queryAllByText": [Function],
  "queryAllByTitle": [Function],
  "queryByAltText": [Function],
  "queryByDisplayValue": [Function],
  "queryByLabelText": [Function],
  "queryByPlaceholderText": [Function],
  "queryByRole": [Function],
  "queryByTestId": [Function],
  "queryByText": [Function],
  "queryByTitle": [Function],
  "rerender": [Function],
  "unmount": [Function],
}
`;
