// Jest Snapshot v1, https://goo.gl/fbAQLP

exports[`renders App component without crashing 1`] = `
Object {
  "then": [Function],
}
`;

exports[`renders Architecture component on /architecture route 1`] = `
Object {
  "then": [Function],
}
`;
