// Jest Snapshot v1, https://goo.gl/fbAQLP

exports[`renders Home component without crashing 1`] = `
Object {
  "then": [Function],
}
`;
